Traceback (most recent call last):
  File "/users/home/lygatsika/code/env/adapt/main.py", line 1, in <module>
    import src.basis as basis
  File "/users/home/lygatsika/code/env/adapt/src/basis.py", line 1, in <module>
    from pyscf import gto, lib
ModuleNotFoundError: No module named 'pyscf'
Traceback (most recent call last):
  File "/users/home/lygatsika/code/env/adapt/main.py", line 1, in <module>
    import src.basis as basis
  File "/users/home/lygatsika/code/env/adapt/src/basis.py", line 1, in <module>
    from pyscf import gto, lib
ModuleNotFoundError: No module named 'pyscf'
Traceback (most recent call last):
  File "/users/home/lygatsika/code/env/adapt/main.py", line 1, in <module>
    import src.basis as basis
  File "/users/home/lygatsika/code/env/adapt/src/basis.py", line 1, in <module>
    from pyscf import gto, lib
ModuleNotFoundError: No module named 'pyscf'
Traceback (most recent call last):
  File "/users/home/lygatsika/code/env/adapt/main.py", line 1, in <module>
    import src.basis as basis
  File "/users/home/lygatsika/code/env/adapt/src/basis.py", line 1, in <module>
    from pyscf import gto, lib
ModuleNotFoundError: No module named 'pyscf'
Traceback (most recent call last):
  File "/users/home/lygatsika/code/env/adapt/main.py", line 1, in <module>
    import src.basis as basis
  File "/users/home/lygatsika/code/env/adapt/src/basis.py", line 1, in <module>
    from pyscf import gto, lib
ModuleNotFoundError: No module named 'pyscf'
