
Reading coord from system/fh.xyz file.
Number of atomic orbitals (M must be smaller)		9 MOs 19
Running Hartree-Fock+CISD to get density:
converged SCF energy = -100.019411269174
E(RCISD) = -100.2216770056461  E_corr = -0.202265736472536
Number of electrons (should be 10) = 10.000000
Starting reduction with target 4 and 0 constraint ...
Results written in out/fh/cc-pvdz-4_g1_cisd.bas.
Number of adapted atomic orbitals			4 MOs 6
converged SCF energy = -99.9314146440272

Reading coord from system/fh.xyz file.
Number of atomic orbitals (M must be smaller)		9 MOs 19
Running Hartree-Fock+CISD to get density:
converged SCF energy = -100.019411269174
E(RCISD) = -100.2216770056459  E_corr = -0.2022657364723708
Number of electrons (should be 10) = 10.000000
Starting reduction with target 5 and 0 constraint ...
Results written in out/fh/cc-pvdz-5_g1_cisd.bas.
Number of adapted atomic orbitals			5 MOs 7
converged SCF energy = -99.939740507298

Reading coord from system/fh.xyz file.
Number of atomic orbitals (M must be smaller)		9 MOs 19
Running Hartree-Fock+CISD to get density:
converged SCF energy = -100.019411269174
E(RCISD) = -100.2216770056462  E_corr = -0.2022657364725893
Number of electrons (should be 10) = 10.000000
Starting reduction with target 6 and 0 constraint ...
Results written in out/fh/cc-pvdz-6_g1_cisd.bas.
Number of adapted atomic orbitals			6 MOs 8
converged SCF energy = -99.9808227367654

Reading coord from system/fh.xyz file.
Number of atomic orbitals (M must be smaller)		9 MOs 19
Running Hartree-Fock+CISD to get density:
converged SCF energy = -100.019411269174
E(RCISD) = -100.2216770056458  E_corr = -0.2022657364721603
Number of electrons (should be 10) = 10.000000
Starting reduction with target 7 and 0 constraint ...
Results written in out/fh/cc-pvdz-7_g1_cisd.bas.
Number of adapted atomic orbitals			7 MOs 11
converged SCF energy = -99.9885261656708

Reading coord from system/fh.xyz file.
Number of atomic orbitals (M must be smaller)		9 MOs 19
Running Hartree-Fock+CISD to get density:
converged SCF energy = -100.019411269174
E(RCISD) = -100.2216770056453  E_corr = -0.2022657364717411
Number of electrons (should be 10) = 10.000000
Starting reduction with target 8 and 0 constraint ...
Results written in out/fh/cc-pvdz-8_g1_cisd.bas.
Number of adapted atomic orbitals			7 MOs 11
converged SCF energy = -99.9885261656708

Reading coord from system/fh.xyz file.
Number of atomic orbitals (M must be smaller)		9 MOs 19
Running Hartree-Fock+CISD to get density:
converged SCF energy = -100.019411269174
E(RCISD) = -100.2216770056451  E_corr = -0.2022657364715643
Number of electrons (should be 10) = 10.000000
Starting reduction with target 9 and 0 constraint ...
Results written in out/fh/cc-pvdz-9_g1_cisd.bas.
Number of adapted atomic orbitals			8 MOs 14
converged SCF energy = -100.013638973637

Reading coord from system/fh.xyz file.
Number of atomic orbitals (M must be smaller)		16 MOs 44
Running Hartree-Fock+CISD to get density:
converged SCF energy = -100.058011431192
E(RCISD) = -100.3353520942868  E_corr = -0.2773406630952011
Number of electrons (should be 10) = 10.000000
Starting reduction with target 4 and 0 constraint ...
Results written in out/fh/cc-pvtz-4_g1_cisd.bas.
Number of adapted atomic orbitals			4 MOs 6
converged SCF energy = -99.9592081005635

Reading coord from system/fh.xyz file.
Number of atomic orbitals (M must be smaller)		16 MOs 44
Running Hartree-Fock+CISD to get density:
converged SCF energy = -100.058011431192
E(RCISD) = -100.3353520942871  E_corr = -0.2773406630954328
Number of electrons (should be 10) = 10.000000
Starting reduction with target 5 and 0 constraint ...
Results written in out/fh/cc-pvtz-5_g1_cisd.bas.
Number of adapted atomic orbitals			4 MOs 6
converged SCF energy = -99.9592081005636

Reading coord from system/fh.xyz file.
Number of atomic orbitals (M must be smaller)		16 MOs 44
Running Hartree-Fock+CISD to get density:
converged SCF energy = -100.058011431192
E(RCISD) = -100.335352094287  E_corr = -0.2773406630953102
Number of electrons (should be 10) = 10.000000
Starting reduction with target 6 and 0 constraint ...
Results written in out/fh/cc-pvtz-6_g1_cisd.bas.
Number of adapted atomic orbitals			5 MOs 7
converged SCF energy = -100.004771797106

Reading coord from system/fh.xyz file.
Number of atomic orbitals (M must be smaller)		16 MOs 44
Running Hartree-Fock+CISD to get density:
converged SCF energy = -100.058011431192
E(RCISD) = -100.3353520942874  E_corr = -0.2773406630956979
Number of electrons (should be 10) = 10.000000
Starting reduction with target 7 and 0 constraint ...
Results written in out/fh/cc-pvtz-7_g1_cisd.bas.
Number of adapted atomic orbitals			6 MOs 10
converged SCF energy = -100.015183581641

Reading coord from system/fh.xyz file.
Number of atomic orbitals (M must be smaller)		16 MOs 44
Running Hartree-Fock+CISD to get density:
converged SCF energy = -100.058011431192
E(RCISD) = -100.3353520942868  E_corr = -0.2773406630951578
Number of electrons (should be 10) = 10.000000
Starting reduction with target 8 and 0 constraint ...
Results written in out/fh/cc-pvtz-8_g1_cisd.bas.
Number of adapted atomic orbitals			6 MOs 10
converged SCF energy = -100.015183581641

Reading coord from system/fh.xyz file.
Number of atomic orbitals (M must be smaller)		16 MOs 44
Running Hartree-Fock+CISD to get density:
converged SCF energy = -100.058011431192
E(RCISD) = -100.3353520942867  E_corr = -0.277340663095166
Number of electrons (should be 10) = 10.000000
Starting reduction with target 9 and 0 constraint ...
Results written in out/fh/cc-pvtz-9_g1_cisd.bas.
Number of adapted atomic orbitals			7 MOs 11
converged SCF energy = -100.020815401465

Reading coord from system/fh.xyz file.
Number of atomic orbitals (M must be smaller)		25 MOs 85
Running Hartree-Fock+CISD to get density:
converged SCF energy = -100.067685248168
E(RCISD) = -100.3858944417395  E_corr = -0.3182091935711081
Number of electrons (should be 10) = 10.000000
Starting reduction with target 4 and 0 constraint ...
Results written in out/fh/cc-pvqz-4_g1_cisd.bas.
Number of adapted atomic orbitals			4 MOs 6
converged SCF energy = -99.9666332833076

Reading coord from system/fh.xyz file.
Number of atomic orbitals (M must be smaller)		25 MOs 85
Running Hartree-Fock+CISD to get density:
converged SCF energy = -100.067685248168
E(RCISD) = -100.3858944417381  E_corr = -0.3182091935698679
Number of electrons (should be 10) = 10.000000
Starting reduction with target 5 and 0 constraint ...
Results written in out/fh/cc-pvqz-5_g1_cisd.bas.
Number of adapted atomic orbitals			4 MOs 6
converged SCF energy = -99.9666332833075

Reading coord from system/fh.xyz file.
Number of atomic orbitals (M must be smaller)		25 MOs 85
Running Hartree-Fock+CISD to get density:
converged SCF energy = -100.067685248169
E(RCISD) = -100.385894441739  E_corr = -0.3182091935704449
Number of electrons (should be 10) = 10.000000
Starting reduction with target 6 and 0 constraint ...
Results written in out/fh/cc-pvqz-6_g1_cisd.bas.
Number of adapted atomic orbitals			5 MOs 7
converged SCF energy = -100.009507728309

Reading coord from system/fh.xyz file.
Number of atomic orbitals (M must be smaller)		25 MOs 85
Running Hartree-Fock+CISD to get density:
converged SCF energy = -100.067685248168
E(RCISD) = -100.3858944417381  E_corr = -0.3182091935699361
Number of electrons (should be 10) = 10.000000
Starting reduction with target 7 and 0 constraint ...
Results written in out/fh/cc-pvqz-7_g1_cisd.bas.
Number of adapted atomic orbitals			6 MOs 10
converged SCF energy = -100.012178645806

Reading coord from system/fh.xyz file.
Number of atomic orbitals (M must be smaller)		25 MOs 85
Running Hartree-Fock+CISD to get density:
converged SCF energy = -100.067685248168
E(RCISD) = -100.3858944417384  E_corr = -0.3182091935700772
Number of electrons (should be 10) = 10.000000
Starting reduction with target 8 and 0 constraint ...
Results written in out/fh/cc-pvqz-8_g1_cisd.bas.
Number of adapted atomic orbitals			7 MOs 11
converged SCF energy = -100.02942118256

Reading coord from system/fh.xyz file.
Number of atomic orbitals (M must be smaller)		25 MOs 85
Running Hartree-Fock+CISD to get density:
converged SCF energy = -100.067685248168
E(RCISD) = -100.3858944417384  E_corr = -0.3182091935699719
Number of electrons (should be 10) = 10.000000
Starting reduction with target 9 and 0 constraint ...
Results written in out/fh/cc-pvqz-9_g1_cisd.bas.
Number of adapted atomic orbitals			8 MOs 14
converged SCF energy = -100.03657502615

Reading coord from system/fh.xyz file.
Number of atomic orbitals (M must be smaller)		36 MOs 146
Running Hartree-Fock+CISD to get density:
converged SCF energy = -100.070430354494
E(RCISD) = -100.4037982286797  E_corr = -0.3333678741857209
Number of electrons (should be 10) = 10.000000
Starting reduction with target 4 and 0 constraint ...
Results written in out/fh/cc-pv5z-4_g1_cisd.bas.
Number of adapted atomic orbitals			4 MOs 6
converged SCF energy = -99.9685865671378

Reading coord from system/fh.xyz file.
Number of atomic orbitals (M must be smaller)		36 MOs 146
Running Hartree-Fock+CISD to get density:
converged SCF energy = -100.070430354494
E(RCISD) = -100.4037982286808  E_corr = -0.3333678741867452
Number of electrons (should be 10) = 10.000000
Starting reduction with target 5 and 0 constraint ...
Results written in out/fh/cc-pv5z-5_g1_cisd.bas.
Number of adapted atomic orbitals			4 MOs 6
converged SCF energy = -99.9685865671377

Reading coord from system/fh.xyz file.
Number of atomic orbitals (M must be smaller)		36 MOs 146
Running Hartree-Fock+CISD to get density:
converged SCF energy = -100.070430354494
E(RCISD) = -100.4037982286806  E_corr = -0.3333678741866741
Number of electrons (should be 10) = 10.000000
Starting reduction with target 6 and 0 constraint ...
Results written in out/fh/cc-pv5z-6_g1_cisd.bas.
Number of adapted atomic orbitals			5 MOs 7
converged SCF energy = -100.022768640686

Reading coord from system/fh.xyz file.
Number of atomic orbitals (M must be smaller)		36 MOs 146
Running Hartree-Fock+CISD to get density:
converged SCF energy = -100.070430354494
E(RCISD) = -100.4037982286792  E_corr = -0.3333678741851472
Number of electrons (should be 10) = 10.000000
Starting reduction with target 7 and 0 constraint ...
Results written in out/fh/cc-pv5z-7_g1_cisd.bas.
Number of adapted atomic orbitals			6 MOs 10
converged SCF energy = -100.030750905593

Reading coord from system/fh.xyz file.
Number of atomic orbitals (M must be smaller)		36 MOs 146
Running Hartree-Fock+CISD to get density:
converged SCF energy = -100.070430354494
E(RCISD) = -100.4037982286792  E_corr = -0.3333678741852025
Number of electrons (should be 10) = 10.000000
Starting reduction with target 8 and 0 constraint ...
Results written in out/fh/cc-pv5z-8_g1_cisd.bas.
Number of adapted atomic orbitals			7 MOs 11
converged SCF energy = -100.034685892376

Reading coord from system/fh.xyz file.
Number of atomic orbitals (M must be smaller)		36 MOs 146
Running Hartree-Fock+CISD to get density:
converged SCF energy = -100.070430354494
E(RCISD) = -100.4037982286806  E_corr = -0.3333678741866685
Number of electrons (should be 10) = 10.000000
Starting reduction with target 9 and 0 constraint ...
Results written in out/fh/cc-pv5z-9_g1_cisd.bas.
Number of adapted atomic orbitals			8 MOs 14
converged SCF energy = -100.037990572636

Reading coord from system/fh.xyz file.
Number of atomic orbitals (M must be smaller)		49 MOs 231
Running Hartree-Fock+CISD to get density:
converged SCF energy = -100.070738329821
E(RCISD) = -100.4132854884576  E_corr = -0.3425471586370389
Number of electrons (should be 10) = 10.000000
Starting reduction with target 4 and 0 constraint ...
Results written in out/fh/cc-pv6z-4_g1_cisd.bas.
Number of adapted atomic orbitals			4 MOs 6
converged SCF energy = -99.9687263938897

Reading coord from system/fh.xyz file.
Number of atomic orbitals (M must be smaller)		49 MOs 231
Running Hartree-Fock+CISD to get density:
converged SCF energy = -100.070738329821
E(RCISD) = -100.4132854884588  E_corr = -0.3425471586382793
Number of electrons (should be 10) = 10.000000
Starting reduction with target 5 and 0 constraint ...
Results written in out/fh/cc-pv6z-5_g1_cisd.bas.
Number of adapted atomic orbitals			4 MOs 6
converged SCF energy = -99.9687263938897

Reading coord from system/fh.xyz file.
Number of atomic orbitals (M must be smaller)		49 MOs 231
Running Hartree-Fock+CISD to get density:
converged SCF energy = -100.070738329821
E(RCISD) = -100.4132854884576  E_corr = -0.3425471586369389
Number of electrons (should be 10) = 10.000000
Starting reduction with target 6 and 0 constraint ...
Results written in out/fh/cc-pv6z-6_g1_cisd.bas.
Number of adapted atomic orbitals			5 MOs 7
converged SCF energy = -100.024621315928

Reading coord from system/fh.xyz file.
Number of atomic orbitals (M must be smaller)		49 MOs 231
Running Hartree-Fock+CISD to get density:
converged SCF energy = -100.070738329821
E(RCISD) = -100.4132854884591  E_corr = -0.3425471586384696
Number of electrons (should be 10) = 10.000000
Starting reduction with target 7 and 0 constraint ...
Results written in out/fh/cc-pv6z-7_g1_cisd.bas.
Number of adapted atomic orbitals			6 MOs 10
converged SCF energy = -100.034061509485

Reading coord from system/fh.xyz file.
Number of atomic orbitals (M must be smaller)		49 MOs 231
Running Hartree-Fock+CISD to get density:
converged SCF energy = -100.07073832982
E(RCISD) = -100.4132854884596  E_corr = -0.3425471586391884
Number of electrons (should be 10) = 10.000000
Starting reduction with target 8 and 0 constraint ...
Results written in out/fh/cc-pv6z-8_g1_cisd.bas.
Number of adapted atomic orbitals			7 MOs 13
converged SCF energy = -100.04771037051

Reading coord from system/fh.xyz file.
Number of atomic orbitals (M must be smaller)		49 MOs 231
Running Hartree-Fock+CISD to get density:
converged SCF energy = -100.07073832982
E(RCISD) = -100.4132854884591  E_corr = -0.3425471586386273
Number of electrons (should be 10) = 10.000000
Starting reduction with target 9 and 0 constraint ...
Results written in out/fh/cc-pv6z-9_g1_cisd.bas.
Number of adapted atomic orbitals			8 MOs 16
converged SCF energy = -100.05054819025
