Reading coord from system/h2o.xyz file.
Number of atomic orbitals (M must be smaller)		 9
Number of orbital components				 13

Running Hartree-Fock to get density
converged SCF energy = -75.7947972887303
Number of electrons (should be 10) = 10.000000

Starting reduction with target 8 and 0 constraint
First index
{0, 2, 3, 4, 5, 7, 8}
Second index
{0, 3, 4, 5, 7, 8}
Final choice
{0, 2, 3, 4, 5, 7, 8}
Results written in out/test_3/6-31g-abs_8_0.bas.
Reading coord from system/h2o.xyz file.
Number of atomic orbitals (M must be smaller)		 9
Number of orbital components				 13

Running Hartree-Fock to get density
converged SCF energy = -75.7947972887303
Number of electrons (should be 10) = 10.000000

Starting reduction with target 7 and 0 constraint
First index
{0, 3, 4, 5, 7, 8}
Second index
{0, 3, 4, 5, 7, 8}
Final choice
{0, 3, 4, 5, 7, 8}
Results written in out/test_3/6-31g-abs_7_0.bas.
Reading coord from system/h2o.xyz file.
Number of atomic orbitals (M must be smaller)		 9
Number of orbital components				 13

Running Hartree-Fock to get density
converged SCF energy = -75.7947972887304
Number of electrons (should be 10) = 10.000000

Starting reduction with target 5 and 0 constraint
First index
{0, 3, 4, 5, 7}
Second index
{0, 3, 4, 5, 7}
Final choice
{0, 3, 4, 5, 7}
Results written in out/test_3/6-31g-abs_5_0.bas.
Reading coord from system/h2o.xyz file.
Number of atomic orbitals (M must be smaller)		 12
Number of orbital components				 25

Running Hartree-Fock to get density
converged SCF energy = -75.8378437796404
Number of electrons (should be 10) = 10.000000

Starting reduction with target 10 and 0 constraint
First index
{0, 1, 3, 4, 6, 7, 8, 9}
Second index
{0, 1, 2, 3, 6, 9}
Final choice
{0, 1, 2, 3, 4, 6, 7, 8, 9}
Results written in out/test_3/cc-pvdz-abs_10_0.bas.
Reading coord from system/h2o.xyz file.
Number of atomic orbitals (M must be smaller)		 12
Number of orbital components				 25

Running Hartree-Fock to get density
converged SCF energy = -75.8378437796403
Number of electrons (should be 10) = 10.000000

Starting reduction with target 9 and 0 constraint
First index
{0, 1, 3, 6, 7, 9}
Second index
{0, 1, 2, 3, 4, 6, 9}
Final choice
{0, 1, 2, 3, 4, 6, 7, 9}
Results written in out/test_3/cc-pvdz-abs_9_0.bas.
Reading coord from system/h2o.xyz file.
Number of atomic orbitals (M must be smaller)		 12
Number of orbital components				 25

Running Hartree-Fock to get density
converged SCF energy = -75.8378437796404
Number of electrons (should be 10) = 10.000000

Starting reduction with target 7 and 0 constraint
First index
{0, 1, 3, 6, 9}
Second index
{0, 1, 2, 3, 6, 9}
Final choice
{0, 1, 2, 3, 6, 9}
Results written in out/test_3/cc-pvdz-abs_7_0.bas.
Reading coord from system/h2o.xyz file.
Number of atomic orbitals (M must be smaller)		 12
Number of orbital components				 25

Running Hartree-Fock to get density
converged SCF energy = -75.8378437796404
Number of electrons (should be 10) = 10.000000

Starting reduction with target 5 and 0 constraint
First index
{0, 1, 3, 6, 9}
Second index
{0, 1, 3, 6, 9}
Final choice
{0, 1, 3, 6, 9}
Results written in out/test_3/cc-pvdz-abs_5_0.bas.
Reading coord from system/h2o.xyz file.
Number of atomic orbitals (M must be smaller)		 22
Number of orbital components				 65

Running Hartree-Fock to get density
converged SCF energy = -75.8660292546435
Number of electrons (should be 10) = 10.000000

Starting reduction with target 20 and 0 constraint
First index
{0, 2, 3, 5, 8, 11, 12, 14, 17, 18, 20}
Second index
{0, 2, 3, 4, 5, 6, 9, 10, 11, 13, 17, 19}
Final choice
{0, 2, 3, 4, 5, 6, 8, 9, 10, 11, 12, 13, 14, 17, 18, 19, 20}
Results written in out/test_3/cc-pvtz-abs_20_0.bas.
Reading coord from system/h2o.xyz file.
Number of atomic orbitals (M must be smaller)		 22
Number of orbital components				 65

Running Hartree-Fock to get density
converged SCF energy = -75.8660292546438
Number of electrons (should be 10) = 10.000000

Starting reduction with target 15 and 0 constraint
First index
{0, 2, 3, 5, 6, 8, 11, 12, 17}
Second index
{0, 2, 3, 4, 5, 10, 11, 13, 17, 20}
Final choice
{0, 2, 3, 4, 5, 6, 8, 10, 11, 12, 13, 17, 20}
Results written in out/test_3/cc-pvtz-abs_15_0.bas.
Reading coord from system/h2o.xyz file.
Number of atomic orbitals (M must be smaller)		 22
Number of orbital components				 65

Running Hartree-Fock to get density
converged SCF energy = -75.8660292546438
Number of electrons (should be 10) = 10.000000

Starting reduction with target 12 and 0 constraint
First index
{0, 2, 5, 6, 8, 11, 12, 17, 20}
Second index
{0, 2, 3, 4, 5, 11, 17}
Final choice
{0, 2, 3, 4, 5, 6, 8, 11, 12, 17, 20}
Results written in out/test_3/cc-pvtz-abs_12_0.bas.
Reading coord from system/h2o.xyz file.
Number of atomic orbitals (M must be smaller)		 22
Number of orbital components				 65

Running Hartree-Fock to get density
converged SCF energy = -75.8660292546435
Number of electrons (should be 10) = 10.000000

Starting reduction with target 10 and 0 constraint
First index
{0, 2, 5, 6, 11, 12, 17}
Second index
{0, 2, 3, 4, 5, 11, 17}
Final choice
{0, 2, 3, 4, 5, 6, 11, 12, 17}
Results written in out/test_3/cc-pvtz-abs_10_0.bas.
Reading coord from system/h2o.xyz file.
Number of atomic orbitals (M must be smaller)		 22
Number of orbital components				 65

Running Hartree-Fock to get density
converged SCF energy = -75.8660292546439
Number of electrons (should be 10) = 10.000000

Starting reduction with target 9 and 0 constraint
First index
{0, 2, 5, 11, 12, 17}
Second index
{0, 2, 3, 5, 6, 11, 17}
Final choice
{0, 2, 3, 5, 6, 11, 12, 17}
Results written in out/test_3/cc-pvtz-abs_9_0.bas.
Reading coord from system/h2o.xyz file.
Number of atomic orbitals (M must be smaller)		 35
Number of orbital components				 140

Running Hartree-Fock to get density
converged SCF energy = -75.8728881031692
Number of electrons (should be 10) = 10.000000

Starting reduction with target 32 and 0 constraint
First index
{0, 3, 4, 6, 7, 10, 11, 12, 13, 14, 15, 17, 18, 19, 23, 24, 27, 28, 34}
Second index
{0, 1, 3, 4, 5, 6, 8, 14, 16, 17, 20, 22, 26, 27, 30, 31}
Final choice
{0, 1, 3, 4, 5, 6, 7, 8, 10, 11, 12, 13, 14, 15, 16, 17, 18, 19, 20, 22, 23, 24, 26, 27, 28, 30, 31, 34}
Results written in out/test_3/cc-pvqz-abs_32_0.bas.
Reading coord from system/h2o.xyz file.
Number of atomic orbitals (M must be smaller)		 35
Number of orbital components				 140

Running Hartree-Fock to get density
converged SCF energy = -75.8728881031692
Number of electrons (should be 10) = 10.000000

Starting reduction with target 30 and 0 constraint
First index
{0, 34, 3, 4, 6, 7, 12, 14, 15, 17, 18, 23, 24, 27, 28}
Second index
{0, 1, 3, 4, 5, 6, 8, 10, 11, 13, 16, 17, 19, 20, 26, 27, 30, 31}
Final choice
{0, 1, 3, 4, 5, 6, 7, 8, 10, 11, 12, 13, 14, 15, 16, 17, 18, 19, 20, 23, 24, 26, 27, 28, 30, 31, 34}
Results written in out/test_3/cc-pvqz-abs_30_0.bas.
Reading coord from system/h2o.xyz file.
Number of atomic orbitals (M must be smaller)		 35
Number of orbital components				 140

Running Hartree-Fock to get density
converged SCF energy = -75.8728881031688
Number of electrons (should be 10) = 10.000000

Starting reduction with target 25 and 0 constraint
First index
{0, 3, 4, 5, 6, 7, 10, 11, 13, 17, 18, 19, 26, 27, 28, 30}
Second index
{0, 1, 3, 4, 6, 8, 14, 16, 17, 20, 27, 31}
Final choice
{0, 1, 3, 4, 5, 6, 7, 8, 10, 11, 13, 14, 16, 17, 18, 19, 20, 26, 27, 28, 30, 31}
Results written in out/test_3/cc-pvqz-abs_25_0.bas.
Reading coord from system/h2o.xyz file.
Number of atomic orbitals (M must be smaller)		 35
Number of orbital components				 140

Running Hartree-Fock to get density
converged SCF energy = -75.872888103169
Number of electrons (should be 10) = 10.000000

Starting reduction with target 22 and 0 constraint
First index
{0, 3, 4, 6, 7, 13, 17, 18, 20, 27, 28}
Second index
{0, 3, 4, 5, 6, 8, 10, 11, 16, 17, 19, 26, 27, 30, 31}
Final choice
{0, 3, 4, 5, 6, 7, 8, 10, 11, 13, 16, 17, 18, 19, 20, 26, 27, 28, 30, 31}
Results written in out/test_3/cc-pvqz-abs_22_0.bas.
Reading coord from system/h2o.xyz file.
Number of atomic orbitals (M must be smaller)		 35
Number of orbital components				 140

Running Hartree-Fock to get density
converged SCF energy = -75.8728881031688
Number of electrons (should be 10) = 10.000000

Starting reduction with target 12 and 0 constraint
First index
{0, 3, 4, 6, 7, 16, 17, 18, 27}
Second index
{0, 3, 6, 8, 17, 20, 27}
Final choice
{0, 3, 4, 6, 7, 8, 16, 17, 18, 20, 27}
Results written in out/test_3/cc-pvqz-abs_12_0.bas.
Reading coord from system/h2o.xyz file.
Number of atomic orbitals (M must be smaller)		 35
Number of orbital components				 140

Running Hartree-Fock to get density
converged SCF energy = -75.8728881031689
Number of electrons (should be 10) = 10.000000

Starting reduction with target 9 and 0 constraint
First index
{0, 3, 4, 6, 7, 17, 18, 27}
Second index
{0, 3, 6, 17, 27}
Final choice
{0, 3, 4, 6, 7, 17, 18, 27}
Results written in out/test_3/cc-pvqz-abs_9_0.bas.
Reading coord from system/h2o.xyz file.
Number of atomic orbitals (M must be smaller)		 51
Number of orbital components				 266

Running Hartree-Fock to get density
converged SCF energy = -75.8747789617269
Number of electrons (should be 10) = 10.000000

Starting reduction with target 48 and 0 constraint
First index
{0, 1, 3, 5, 8, 9, 12, 13, 14, 16, 17, 18, 19, 23, 24, 28, 29, 33, 38, 39, 43, 44, 47}
Second index
{0, 1, 2, 3, 4, 5, 6, 7, 8, 9, 10, 12, 13, 19, 22, 23, 25, 26, 30, 37, 38, 40, 41}
Final choice
{0, 1, 2, 3, 4, 5, 6, 7, 8, 9, 10, 12, 13, 14, 16, 17, 18, 19, 22, 23, 24, 25, 26, 28, 29, 30, 33, 37, 38, 39, 40, 41, 43, 44, 47}
Results written in out/test_3/cc-pv5z-abs_48_0.bas.
Reading coord from system/h2o.xyz file.
Number of atomic orbitals (M must be smaller)		 51
Number of orbital components				 266

Running Hartree-Fock to get density
converged SCF energy = -75.8747789617269
Number of electrons (should be 10) = 10.000000

Starting reduction with target 40 and 0 constraint
First index
{0, 1, 3, 5, 38, 39, 8, 6, 40, 7, 44, 13, 14, 16, 23, 24, 26}
Second index
{0, 1, 3, 4, 5, 8, 9, 10, 12, 13, 16, 17, 19, 22, 23, 25, 28, 37, 38, 43}
Final choice
{0, 1, 3, 4, 5, 6, 7, 8, 9, 10, 12, 13, 14, 16, 17, 19, 22, 23, 24, 25, 26, 28, 37, 38, 39, 40, 43, 44}
Results written in out/test_3/cc-pv5z-abs_40_0.bas.
Reading coord from system/h2o.xyz file.
Number of atomic orbitals (M must be smaller)		 51
Number of orbital components				 266

Running Hartree-Fock to get density
converged SCF energy = -75.8747789617267
Number of electrons (should be 10) = 10.000000

Starting reduction with target 38 and 0 constraint
First index
{0, 1, 3, 5, 38, 39, 8, 6, 10, 40, 13, 16, 17, 22, 23, 24, 28}
Second index
{0, 1, 3, 4, 5, 8, 9, 12, 13, 14, 16, 19, 23, 25, 26, 37, 38, 43, 44}
Final choice
{0, 1, 3, 4, 5, 6, 8, 9, 10, 12, 13, 14, 16, 17, 19, 22, 23, 24, 25, 26, 28, 37, 38, 39, 40, 43, 44}
Results written in out/test_3/cc-pv5z-abs_38_0.bas.
Reading coord from system/h2o.xyz file.
Number of atomic orbitals (M must be smaller)		 51
Number of orbital components				 266

Running Hartree-Fock to get density
converged SCF energy = -75.8747789617269
Number of electrons (should be 10) = 10.000000

Starting reduction with target 35 and 0 constraint
First index
{0, 1, 3, 5, 38, 37, 8, 9, 6, 12, 13, 16, 23, 24, 26, 28}
Second index
{0, 1, 3, 4, 5, 38, 39, 8, 10, 43, 44, 13, 14, 17, 19, 22, 23, 25}
Final choice
{0, 1, 3, 4, 5, 6, 8, 9, 10, 12, 13, 14, 16, 17, 19, 22, 23, 24, 25, 26, 28, 37, 38, 39, 43, 44}
Results written in out/test_3/cc-pv5z-abs_35_0.bas.
Reading coord from system/h2o.xyz file.
Number of atomic orbitals (M must be smaller)		 51
Number of orbital components				 266

Running Hartree-Fock to get density
converged SCF energy = -75.8747789617266
Number of electrons (should be 10) = 10.000000

Starting reduction with target 22 and 0 constraint
First index
{0, 1, 3, 5, 38, 39, 8, 10, 12, 13, 16, 23, 24, 28}
Second index
{0, 1, 3, 5, 38, 8, 9, 43, 13, 23, 25}
Final choice
{0, 1, 3, 5, 38, 39, 8, 9, 10, 43, 12, 13, 16, 23, 24, 25, 28}
Results written in out/test_3/cc-pv5z-abs_22_0.bas.
Reading coord from system/h2o.xyz file.
Number of atomic orbitals (M must be smaller)		 51
Number of orbital components				 266

Running Hartree-Fock to get density
converged SCF energy = -75.874778961727
Number of electrons (should be 10) = 10.000000

Starting reduction with target 12 and 0 constraint
First index
{0, 1, 3, 5, 38, 8, 13, 23, 24}
Second index
{0, 1, 3, 38, 8, 13, 23}
Final choice
{0, 1, 3, 5, 38, 8, 13, 23, 24}
Results written in out/test_3/cc-pv5z-abs_12_0.bas.
Reading coord from system/h2o.xyz file.
Number of atomic orbitals (M must be smaller)		 51
Number of orbital components				 266

Running Hartree-Fock to get density
converged SCF energy = -75.8747789617269
Number of electrons (should be 10) = 10.000000

Starting reduction with target 9 and 0 constraint
First index
{0, 1, 3, 38, 8, 13, 23}
Second index
{0, 3, 38, 8, 13, 23}
Final choice
{0, 1, 3, 38, 8, 13, 23}
Results written in out/test_3/cc-pv5z-abs_9_0.bas.
