
Reading coord from system/h2o.xyz file.
Number of atomic orbitals (M must be smaller)		12 MOs 24
Running Hartree-Fock to get density:
converged SCF energy = -76.0267720533916
Number of electrons (should be 10) = 10.000000
Target =   5, energy = -75.8924159373, True=		  5 MOs   7	 saved out/h2o/cc-pvdz-5_g1_hf.bas
Target =   6, energy = -75.9008633360, True=		  6 MOs   8	 saved out/h2o/cc-pvdz-6_g1_hf.bas
Target =   7, energy = -75.9662333768, True=		  8 MOs  10	 saved out/h2o/cc-pvdz-7_g1_hf.bas
Target =   8, energy = -75.9662333768, True=		  8 MOs  10	 saved out/h2o/cc-pvdz-8_g1_hf.bas
Target =   9, energy = -75.9804433688, True=		  9 MOs  13	 saved out/h2o/cc-pvdz-9_g1_hf.bas
Target =  10, energy = -75.9804433688, True=		  9 MOs  13	 saved out/h2o/cc-pvdz-10_g1_hf.bas
Target =  11, energy = -76.0185825268, True=		 11 MOs  19	 saved out/h2o/cc-pvdz-11_g1_hf.bas
Target =  12, energy = -76.0185825268, True=		 11 MOs  19	 saved out/h2o/cc-pvdz-12_g1_hf.bas
Target =  13, energy = -76.0185825268, True=		 11 MOs  19	 saved out/h2o/cc-pvdz-13_g1_hf.bas
Target =  14, energy = -76.0185825268, True=		 11 MOs  19	 saved out/h2o/cc-pvdz-14_g1_hf.bas
Target =  15, energy = -76.0267720534, True=		 12 MOs  24	 saved out/h2o/cc-pvdz-15_g1_hf.bas

Reading coord from system/h2o.xyz file.
Number of atomic orbitals (M must be smaller)		22 MOs 58
Running Hartree-Fock to get density:
converged SCF energy = -76.0571274202736
Number of electrons (should be 10) = 10.000000
Target =   5, energy = -75.9085787723, True=		  5 MOs   7	 saved out/h2o/cc-pvtz-5_g1_hf.bas
Target =   6, energy = -75.9085787723, True=		  5 MOs   7	 saved out/h2o/cc-pvtz-6_g1_hf.bas
Target =   7, energy = -75.9763573298, True=		  7 MOs   9	 saved out/h2o/cc-pvtz-7_g1_hf.bas
Target =   8, energy = -75.9763573298, True=		  7 MOs   9	 saved out/h2o/cc-pvtz-8_g1_hf.bas
Target =   9, energy = -75.9969392690, True=		  8 MOs  12	 saved out/h2o/cc-pvtz-9_g1_hf.bas
Target =  10, energy = -76.0018191718, True=		  9 MOs  13	 saved out/h2o/cc-pvtz-10_g1_hf.bas
Target =  11, energy = -76.0018191718, True=		  9 MOs  13	 saved out/h2o/cc-pvtz-11_g1_hf.bas
Target =  12, energy = -76.0330601749, True=		 11 MOs  19	 saved out/h2o/cc-pvtz-12_g1_hf.bas
Target =  13, energy = -76.0346202047, True=		 13 MOs  21	 saved out/h2o/cc-pvtz-13_g1_hf.bas
Target =  14, energy = -76.0346202047, True=		 13 MOs  21	 saved out/h2o/cc-pvtz-14_g1_hf.bas
Target =  15, energy = -76.0346202047, True=		 13 MOs  21	 saved out/h2o/cc-pvtz-15_g1_hf.bas
Target =  16, energy = -76.0439914704, True=		 15 MOs  27	 saved out/h2o/cc-pvtz-16_g1_hf.bas
Target =  17, energy = -76.0525091595, True=		 16 MOs  32	 saved out/h2o/cc-pvtz-17_g1_hf.bas
Target =  18, energy = -76.0525091595, True=		 16 MOs  32	 saved out/h2o/cc-pvtz-18_g1_hf.bas
Target =  19, energy = -76.0553899881, True=		 17 MOs  37	 saved out/h2o/cc-pvtz-19_g1_hf.bas
Target =  20, energy = -76.0555440550, True=		 18 MOs  40	 saved out/h2o/cc-pvtz-20_g1_hf.bas
Target =  21, energy = -76.0555440550, True=		 18 MOs  40	 saved out/h2o/cc-pvtz-21_g1_hf.bas
Target =  22, energy = -76.0566497803, True=		 20 MOs  50	 saved out/h2o/cc-pvtz-22_g1_hf.bas
Target =  23, energy = -76.0570523759, True=		 21 MOs  57	 saved out/h2o/cc-pvtz-23_g1_hf.bas
Target =  24, energy = -76.0570523759, True=		 21 MOs  57	 saved out/h2o/cc-pvtz-24_g1_hf.bas
Target =  25, energy = -76.0570523759, True=		 21 MOs  57	 saved out/h2o/cc-pvtz-25_g1_hf.bas
Target =  26, energy = -76.0570523759, True=		 21 MOs  57	 saved out/h2o/cc-pvtz-26_g1_hf.bas
Target =  27, energy = -76.0570523759, True=		 21 MOs  57	 saved out/h2o/cc-pvtz-27_g1_hf.bas
Target =  28, energy = -76.0570523759, True=		 21 MOs  57	 saved out/h2o/cc-pvtz-28_g1_hf.bas
Target =  29, energy = -76.0570523759, True=		 21 MOs  57	 saved out/h2o/cc-pvtz-29_g1_hf.bas
Target =  30, energy = -76.0570523759, True=		 21 MOs  57	 saved out/h2o/cc-pvtz-30_g1_hf.bas
Target =  31, energy = -76.0570523759, True=		 21 MOs  57	 saved out/h2o/cc-pvtz-31_g1_hf.bas
Target =  32, energy = -76.0570523759, True=		 21 MOs  57	 saved out/h2o/cc-pvtz-32_g1_hf.bas
Target =  33, energy = -76.0570523759, True=		 21 MOs  57	 saved out/h2o/cc-pvtz-33_g1_hf.bas
Target =  34, energy = -76.0570523759, True=		 21 MOs  57	 saved out/h2o/cc-pvtz-34_g1_hf.bas
Target =  35, energy = -76.0570523759, True=		 21 MOs  57	 saved out/h2o/cc-pvtz-35_g1_hf.bas
Target =  36, energy = -76.0570523759, True=		 21 MOs  57	 saved out/h2o/cc-pvtz-36_g1_hf.bas
Target =  37, energy = -76.0570523759, True=		 21 MOs  57	 saved out/h2o/cc-pvtz-37_g1_hf.bas
Target =  38, energy = -76.0570523759, True=		 21 MOs  57	 saved out/h2o/cc-pvtz-38_g1_hf.bas
Target =  39, energy = -76.0570523759, True=		 21 MOs  57	 saved out/h2o/cc-pvtz-39_g1_hf.bas
Target =  40, energy = -76.0570523759, True=		 21 MOs  57	 saved out/h2o/cc-pvtz-40_g1_hf.bas
Target =  41, energy = -76.0570523759, True=		 21 MOs  57	 saved out/h2o/cc-pvtz-41_g1_hf.bas
Target =  42, energy = -76.0570523759, True=		 21 MOs  57	 saved out/h2o/cc-pvtz-42_g1_hf.bas
Target =  43, energy = -76.0570523759, True=		 21 MOs  57	 saved out/h2o/cc-pvtz-43_g1_hf.bas
Target =  44, energy = -76.0570523759, True=		 21 MOs  57	 saved out/h2o/cc-pvtz-44_g1_hf.bas
Target =  45, energy = -76.0571274203, True=		 22 MOs  58	 saved out/h2o/cc-pvtz-45_g1_hf.bas

Reading coord from system/h2o.xyz file.
Number of atomic orbitals (M must be smaller)		35 MOs 115
Running Hartree-Fock to get density:
converged SCF energy = -76.0647916879971
Number of electrons (should be 10) = 10.000000
Target =   5, energy = -75.9127549829, True=		  5 MOs   7	 saved out/h2o/cc-pvqz-5_g1_hf.bas
Target =   6, energy = -75.9127549829, True=		  5 MOs   7	 saved out/h2o/cc-pvqz-6_g1_hf.bas
Target =   7, energy = -75.9127549829, True=		  5 MOs   7	 saved out/h2o/cc-pvqz-7_g1_hf.bas
Target =   8, energy = -75.9762663840, True=		  7 MOs   9	 saved out/h2o/cc-pvqz-8_g1_hf.bas
Target =   9, energy = -75.9985588165, True=		  8 MOs  12	 saved out/h2o/cc-pvqz-9_g1_hf.bas
Target =  10, energy = -76.0057084451, True=		  9 MOs  13	 saved out/h2o/cc-pvqz-10_g1_hf.bas
Target =  11, energy = -76.0213802623, True=		 11 MOs  15	 saved out/h2o/cc-pvqz-11_g1_hf.bas
Target =  12, energy = -76.0213802623, True=		 11 MOs  15	 saved out/h2o/cc-pvqz-12_g1_hf.bas
Target =  13, energy = -76.0461898326, True=		 13 MOs  21	 saved out/h2o/cc-pvqz-13_g1_hf.bas
Target =  14, energy = -76.0461898326, True=		 13 MOs  21	 saved out/h2o/cc-pvqz-14_g1_hf.bas
Target =  15, energy = -76.0484052089, True=		 14 MOs  24	 saved out/h2o/cc-pvqz-15_g1_hf.bas
Target =  16, energy = -76.0572800446, True=		 15 MOs  29	 saved out/h2o/cc-pvqz-16_g1_hf.bas
Target =  17, energy = -76.0595079683, True=		 17 MOs  35	 saved out/h2o/cc-pvqz-17_g1_hf.bas
Target =  18, energy = -76.0604691228, True=		 18 MOs  40	 saved out/h2o/cc-pvqz-18_g1_hf.bas
Target =  19, energy = -76.0604691228, True=		 18 MOs  40	 saved out/h2o/cc-pvqz-19_g1_hf.bas
Target =  20, energy = -76.0604691228, True=		 18 MOs  40	 saved out/h2o/cc-pvqz-20_g1_hf.bas
Target =  21, energy = -76.0620726964, True=		 20 MOs  46	 saved out/h2o/cc-pvqz-21_g1_hf.bas
Target =  22, energy = -76.0620726964, True=		 20 MOs  46	 saved out/h2o/cc-pvqz-22_g1_hf.bas
Target =  23, energy = -76.0624786085, True=		 21 MOs  51	 saved out/h2o/cc-pvqz-23_g1_hf.bas
Target =  24, energy = -76.0637265907, True=		 23 MOs  61	 saved out/h2o/cc-pvqz-24_g1_hf.bas
Target =  25, energy = -76.0637265907, True=		 23 MOs  61	 saved out/h2o/cc-pvqz-25_g1_hf.bas
Target =  26, energy = -76.0641963988, True=		 24 MOs  68	 saved out/h2o/cc-pvqz-26_g1_hf.bas
Target =  27, energy = -76.0643603085, True=		 26 MOs  70	 saved out/h2o/cc-pvqz-27_g1_hf.bas
Target =  28, energy = -76.0643603085, True=		 26 MOs  70	 saved out/h2o/cc-pvqz-28_g1_hf.bas
Target =  29, energy = -76.0645137556, True=		 27 MOs  77	 saved out/h2o/cc-pvqz-29_g1_hf.bas
Target =  30, energy = -76.0645659194, True=		 29 MOs  87	 saved out/h2o/cc-pvqz-30_g1_hf.bas
Target =  31, energy = -76.0645659194, True=		 29 MOs  87	 saved out/h2o/cc-pvqz-31_g1_hf.bas
Target =  32, energy = -76.0645659194, True=		 29 MOs  87	 saved out/h2o/cc-pvqz-32_g1_hf.bas
Target =  33, energy = -76.0645659194, True=		 29 MOs  87	 saved out/h2o/cc-pvqz-33_g1_hf.bas
Target =  34, energy = -76.0645659194, True=		 29 MOs  87	 saved out/h2o/cc-pvqz-34_g1_hf.bas
Target =  35, energy = -76.0645659194, True=		 29 MOs  87	 saved out/h2o/cc-pvqz-35_g1_hf.bas
Target =  36, energy = -76.0645659194, True=		 29 MOs  87	 saved out/h2o/cc-pvqz-36_g1_hf.bas
Target =  37, energy = -76.0645659194, True=		 29 MOs  87	 saved out/h2o/cc-pvqz-37_g1_hf.bas
Target =  38, energy = -76.0646485268, True=		 31 MOs 101	 saved out/h2o/cc-pvqz-38_g1_hf.bas
Target =  39, energy = -76.0646485268, True=		 31 MOs 101	 saved out/h2o/cc-pvqz-39_g1_hf.bas
Target =  40, energy = -76.0646485268, True=		 31 MOs 101	 saved out/h2o/cc-pvqz-40_g1_hf.bas
Target =  41, energy = -76.0646485268, True=		 31 MOs 101	 saved out/h2o/cc-pvqz-41_g1_hf.bas
Target =  42, energy = -76.0647308900, True=		 32 MOs 102	 saved out/h2o/cc-pvqz-42_g1_hf.bas
Target =  43, energy = -76.0647308900, True=		 32 MOs 102	 saved out/h2o/cc-pvqz-43_g1_hf.bas
Target =  44, energy = -76.0647463547, True=		 33 MOs 111	 saved out/h2o/cc-pvqz-44_g1_hf.bas
Target =  45, energy = -76.0647463547, True=		 33 MOs 111	 saved out/h2o/cc-pvqz-45_g1_hf.bas
Target =  46, energy = -76.0647463547, True=		 33 MOs 111	 saved out/h2o/cc-pvqz-46_g1_hf.bas
Target =  47, energy = -76.0647463547, True=		 33 MOs 111	 saved out/h2o/cc-pvqz-47_g1_hf.bas
Target =  48, energy = -76.0647463547, True=		 33 MOs 111	 saved out/h2o/cc-pvqz-48_g1_hf.bas
Target =  49, energy = -76.0647576684, True=		 34 MOs 112	 saved out/h2o/cc-pvqz-49_g1_hf.bas
Target =  50, energy = -76.0647916880, True=		 35 MOs 115	 saved out/h2o/cc-pvqz-50_g1_hf.bas

Reading coord from system/h2o.xyz file.
Number of atomic orbitals (M must be smaller)		51 MOs 201
Running Hartree-Fock to get density:
converged SCF energy = -76.0670469671602
Number of electrons (should be 10) = 10.000000
Target =   5, energy = -75.9138353627, True=		  5 MOs   7	 saved out/h2o/cc-pv5z-5_g1_hf.bas
Target =   6, energy = -75.9138353627, True=		  5 MOs   7	 saved out/h2o/cc-pv5z-6_g1_hf.bas
Target =   7, energy = -75.9138353627, True=		  5 MOs   7	 saved out/h2o/cc-pv5z-7_g1_hf.bas
Target =   8, energy = -75.9938437554, True=		  7 MOs   9	 saved out/h2o/cc-pv5z-8_g1_hf.bas
Target =   9, energy = -76.0042261207, True=		  8 MOs  10	 saved out/h2o/cc-pv5z-9_g1_hf.bas
Target =  10, energy = -76.0161892309, True=		  9 MOs  13	 saved out/h2o/cc-pv5z-10_g1_hf.bas
Target =  11, energy = -76.0175647963, True=		 10 MOs  16	 saved out/h2o/cc-pv5z-11_g1_hf.bas
Target =  12, energy = -76.0175647963, True=		 10 MOs  16	 saved out/h2o/cc-pv5z-12_g1_hf.bas
Target =  13, energy = -76.0213767787, True=		 12 MOs  18	 saved out/h2o/cc-pv5z-13_g1_hf.bas
Target =  14, energy = -76.0500738262, True=		 14 MOs  24	 saved out/h2o/cc-pv5z-14_g1_hf.bas
Target =  15, energy = -76.0581800215, True=		 15 MOs  29	 saved out/h2o/cc-pv5z-15_g1_hf.bas
Target =  16, energy = -76.0581800215, True=		 15 MOs  29	 saved out/h2o/cc-pv5z-16_g1_hf.bas
Target =  17, energy = -76.0593961973, True=		 17 MOs  31	 saved out/h2o/cc-pv5z-17_g1_hf.bas
Target =  18, energy = -76.0593961973, True=		 17 MOs  31	 saved out/h2o/cc-pv5z-18_g1_hf.bas
Target =  19, energy = -76.0593961973, True=		 17 MOs  31	 saved out/h2o/cc-pv5z-19_g1_hf.bas
Target =  20, energy = -76.0593961973, True=		 17 MOs  31	 saved out/h2o/cc-pv5z-20_g1_hf.bas
Target =  21, energy = -76.0604294320, True=		 19 MOs  37	 saved out/h2o/cc-pv5z-21_g1_hf.bas
Target =  22, energy = -76.0604294320, True=		 19 MOs  37	 saved out/h2o/cc-pv5z-22_g1_hf.bas
Target =  23, energy = -76.0604294320, True=		 19 MOs  37	 saved out/h2o/cc-pv5z-23_g1_hf.bas
Target =  24, energy = -76.0630606899, True=		 21 MOs  43	 saved out/h2o/cc-pv5z-24_g1_hf.bas
Target =  25, energy = -76.0633477764, True=		 22 MOs  48	 saved out/h2o/cc-pv5z-25_g1_hf.bas
Target =  26, energy = -76.0647327766, True=		 23 MOs  53	 saved out/h2o/cc-pv5z-26_g1_hf.bas
Target =  27, energy = -76.0648101474, True=		 24 MOs  56	 saved out/h2o/cc-pv5z-27_g1_hf.bas
Target =  28, energy = -76.0648101474, True=		 24 MOs  56	 saved out/h2o/cc-pv5z-28_g1_hf.bas
Target =  29, energy = -76.0657528333, True=		 25 MOs  63	 saved out/h2o/cc-pv5z-29_g1_hf.bas
Target =  30, energy = -76.0657528333, True=		 25 MOs  63	 saved out/h2o/cc-pv5z-30_g1_hf.bas
Target =  31, energy = -76.0663870753, True=		 27 MOs  73	 saved out/h2o/cc-pv5z-31_g1_hf.bas
Target =  32, energy = -76.0664660759, True=		 28 MOs  80	 saved out/h2o/cc-pv5z-32_g1_hf.bas
Target =  33, energy = -76.0664660759, True=		 28 MOs  80	 saved out/h2o/cc-pv5z-33_g1_hf.bas
Target =  34, energy = -76.0665487533, True=		 30 MOs  90	 saved out/h2o/cc-pv5z-34_g1_hf.bas
Target =  35, energy = -76.0665487533, True=		 30 MOs  90	 saved out/h2o/cc-pv5z-35_g1_hf.bas
Target =  36, energy = -76.0666464088, True=		 32 MOs  96	 saved out/h2o/cc-pv5z-36_g1_hf.bas
Target =  37, energy = -76.0666464088, True=		 32 MOs  96	 saved out/h2o/cc-pv5z-37_g1_hf.bas
Target =  38, energy = -76.0666993601, True=		 33 MOs 101	 saved out/h2o/cc-pv5z-38_g1_hf.bas
Target =  39, energy = -76.0666993601, True=		 33 MOs 101	 saved out/h2o/cc-pv5z-39_g1_hf.bas
Target =  40, energy = -76.0667495914, True=		 34 MOs 104	 saved out/h2o/cc-pv5z-40_g1_hf.bas
Target =  41, energy = -76.0667540852, True=		 36 MOs 106	 saved out/h2o/cc-pv5z-41_g1_hf.bas
Target =  42, energy = -76.0667540852, True=		 36 MOs 106	 saved out/h2o/cc-pv5z-42_g1_hf.bas
Target =  43, energy = -76.0668320424, True=		 38 MOs 116	 saved out/h2o/cc-pv5z-43_g1_hf.bas
Target =  44, energy = -76.0668320424, True=		 38 MOs 116	 saved out/h2o/cc-pv5z-44_g1_hf.bas
Target =  45, energy = -76.0668320424, True=		 38 MOs 116	 saved out/h2o/cc-pv5z-45_g1_hf.bas
Target =  46, energy = -76.0668777460, True=		 39 MOs 125	 saved out/h2o/cc-pv5z-46_g1_hf.bas
Target =  47, energy = -76.0668777460, True=		 39 MOs 125	 saved out/h2o/cc-pv5z-47_g1_hf.bas
Target =  48, energy = -76.0668777460, True=		 39 MOs 125	 saved out/h2o/cc-pv5z-48_g1_hf.bas
Target =  49, energy = -76.0669028067, True=		 41 MOs 139	 saved out/h2o/cc-pv5z-49_g1_hf.bas
Target =  50, energy = -76.0669028067, True=		 41 MOs 139	 saved out/h2o/cc-pv5z-50_g1_hf.bas
Target =  51, energy = -76.0669028067, True=		 41 MOs 139	 saved out/h2o/cc-pv5z-51_g1_hf.bas
Target =  52, energy = -76.0669028067, True=		 41 MOs 139	 saved out/h2o/cc-pv5z-52_g1_hf.bas
Target =  53, energy = -76.0670080260, True=		 42 MOs 140	 saved out/h2o/cc-pv5z-53_g1_hf.bas
Target =  54, energy = -76.0670080260, True=		 42 MOs 140	 saved out/h2o/cc-pv5z-54_g1_hf.bas
Target =  55, energy = -76.0670167206, True=		 43 MOs 147	 saved out/h2o/cc-pv5z-55_g1_hf.bas
Target =  56, energy = -76.0670214602, True=		 44 MOs 148	 saved out/h2o/cc-pv5z-56_g1_hf.bas
Target =  57, energy = -76.0670214602, True=		 44 MOs 148	 saved out/h2o/cc-pv5z-57_g1_hf.bas
Target =  58, energy = -76.0670214602, True=		 44 MOs 148	 saved out/h2o/cc-pv5z-58_g1_hf.bas
Target =  59, energy = -76.0670214602, True=		 44 MOs 148	 saved out/h2o/cc-pv5z-59_g1_hf.bas
Target =  60, energy = -76.0670277457, True=		 46 MOs 162	 saved out/h2o/cc-pv5z-60_g1_hf.bas
Target =  61, energy = -76.0670277457, True=		 46 MOs 162	 saved out/h2o/cc-pv5z-61_g1_hf.bas
Target =  62, energy = -76.0670277457, True=		 46 MOs 162	 saved out/h2o/cc-pv5z-62_g1_hf.bas
Target =  63, energy = -76.0670277457, True=		 46 MOs 162	 saved out/h2o/cc-pv5z-63_g1_hf.bas
Target =  64, energy = -76.0670277457, True=		 46 MOs 162	 saved out/h2o/cc-pv5z-64_g1_hf.bas
Target =  65, energy = -76.0670277457, True=		 46 MOs 162	 saved out/h2o/cc-pv5z-65_g1_hf.bas
Target =  66, energy = -76.0670277457, True=		 46 MOs 162	 saved out/h2o/cc-pv5z-66_g1_hf.bas
Target =  67, energy = -76.0670277457, True=		 46 MOs 162	 saved out/h2o/cc-pv5z-67_g1_hf.bas
Target =  68, energy = -76.0670381958, True=		 48 MOs 180	 saved out/h2o/cc-pv5z-68_g1_hf.bas
Target =  69, energy = -76.0670381958, True=		 48 MOs 180	 saved out/h2o/cc-pv5z-69_g1_hf.bas
Target =  70, energy = -76.0670381958, True=		 48 MOs 180	 saved out/h2o/cc-pv5z-70_g1_hf.bas
Target =  71, energy = -76.0670381958, True=		 48 MOs 180	 saved out/h2o/cc-pv5z-71_g1_hf.bas
Target =  72, energy = -76.0670405898, True=		 49 MOs 191	 saved out/h2o/cc-pv5z-72_g1_hf.bas
Target =  73, energy = -76.0670405898, True=		 49 MOs 191	 saved out/h2o/cc-pv5z-73_g1_hf.bas
Target =  74, energy = -76.0670405898, True=		 49 MOs 191	 saved out/h2o/cc-pv5z-74_g1_hf.bas
Target =  75, energy = -76.0670405898, True=		 49 MOs 191	 saved out/h2o/cc-pv5z-75_g1_hf.bas
Target =  76, energy = -76.0670405898, True=		 49 MOs 191	 saved out/h2o/cc-pv5z-76_g1_hf.bas
Target =  77, energy = -76.0670405898, True=		 49 MOs 191	 saved out/h2o/cc-pv5z-77_g1_hf.bas
Target =  78, energy = -76.0670405898, True=		 49 MOs 191	 saved out/h2o/cc-pv5z-78_g1_hf.bas
Target =  79, energy = -76.0670436399, True=		 50 MOs 200	 saved out/h2o/cc-pv5z-79_g1_hf.bas
Target =  80, energy = -76.0670436399, True=		 50 MOs 200	 saved out/h2o/cc-pv5z-80_g1_hf.bas
Target =  81, energy = -76.0670436399, True=		 50 MOs 200	 saved out/h2o/cc-pv5z-81_g1_hf.bas
Target =  82, energy = -76.0670436399, True=		 50 MOs 200	 saved out/h2o/cc-pv5z-82_g1_hf.bas
Target =  83, energy = -76.0670436399, True=		 50 MOs 200	 saved out/h2o/cc-pv5z-83_g1_hf.bas
Target =  84, energy = -76.0670436399, True=		 50 MOs 200	 saved out/h2o/cc-pv5z-84_g1_hf.bas
Target =  85, energy = -76.0670436399, True=		 50 MOs 200	 saved out/h2o/cc-pv5z-85_g1_hf.bas
Target =  86, energy = -76.0670436399, True=		 50 MOs 200	 saved out/h2o/cc-pv5z-86_g1_hf.bas
Target =  87, energy = -76.0670436399, True=		 50 MOs 200	 saved out/h2o/cc-pv5z-87_g1_hf.bas
Target =  88, energy = -76.0670436399, True=		 50 MOs 200	 saved out/h2o/cc-pv5z-88_g1_hf.bas
Target =  89, energy = -76.0670436399, True=		 50 MOs 200	 saved out/h2o/cc-pv5z-89_g1_hf.bas
Target =  90, energy = -76.0670436399, True=		 50 MOs 200	 saved out/h2o/cc-pv5z-90_g1_hf.bas
Target =  91, energy = -76.0670436399, True=		 50 MOs 200	 saved out/h2o/cc-pv5z-91_g1_hf.bas
Target =  92, energy = -76.0670436399, True=		 50 MOs 200	 saved out/h2o/cc-pv5z-92_g1_hf.bas
Target =  93, energy = -76.0670436399, True=		 50 MOs 200	 saved out/h2o/cc-pv5z-93_g1_hf.bas
Target =  94, energy = -76.0670436399, True=		 50 MOs 200	 saved out/h2o/cc-pv5z-94_g1_hf.bas
Target =  95, energy = -76.0670436399, True=		 50 MOs 200	 saved out/h2o/cc-pv5z-95_g1_hf.bas
Target =  96, energy = -76.0670436399, True=		 50 MOs 200	 saved out/h2o/cc-pv5z-96_g1_hf.bas
Target =  97, energy = -76.0670436399, True=		 50 MOs 200	 saved out/h2o/cc-pv5z-97_g1_hf.bas
Target =  98, energy = -76.0670436399, True=		 50 MOs 200	 saved out/h2o/cc-pv5z-98_g1_hf.bas
Target =  99, energy = -76.0670436399, True=		 50 MOs 200	 saved out/h2o/cc-pv5z-99_g1_hf.bas
Target = 100, energy = -76.0670436399, True=		 50 MOs 200	 saved out/h2o/cc-pv5z-100_g1_hf.bas
Target = 101, energy = -76.0670436399, True=		 50 MOs 200	 saved out/h2o/cc-pv5z-101_g1_hf.bas
Target = 102, energy = -76.0670436399, True=		 50 MOs 200	 saved out/h2o/cc-pv5z-102_g1_hf.bas
Target = 103, energy = -76.0670436399, True=		 50 MOs 200	 saved out/h2o/cc-pv5z-103_g1_hf.bas
Target = 104, energy = -76.0670436399, True=		 50 MOs 200	 saved out/h2o/cc-pv5z-104_g1_hf.bas
Target = 105, energy = -76.0670436399, True=		 50 MOs 200	 saved out/h2o/cc-pv5z-105_g1_hf.bas
Target = 106, energy = -76.0670436399, True=		 50 MOs 200	 saved out/h2o/cc-pv5z-106_g1_hf.bas
Target = 107, energy = -76.0670436399, True=		 50 MOs 200	 saved out/h2o/cc-pv5z-107_g1_hf.bas
Target = 108, energy = -76.0670436399, True=		 50 MOs 200	 saved out/h2o/cc-pv5z-108_g1_hf.bas
Target = 109, energy = -76.0670436399, True=		 50 MOs 200	 saved out/h2o/cc-pv5z-109_g1_hf.bas
Target = 110, energy = -76.0670436399, True=		 50 MOs 200	 saved out/h2o/cc-pv5z-110_g1_hf.bas
Target = 111, energy = -76.0670436399, True=		 50 MOs 200	 saved out/h2o/cc-pv5z-111_g1_hf.bas
Target = 112, energy = -76.0670436399, True=		 50 MOs 200	 saved out/h2o/cc-pv5z-112_g1_hf.bas
Target = 113, energy = -76.0670436399, True=		 50 MOs 200	 saved out/h2o/cc-pv5z-113_g1_hf.bas
Target = 114, energy = -76.0670436399, True=		 50 MOs 200	 saved out/h2o/cc-pv5z-114_g1_hf.bas
Target = 115, energy = -76.0670436399, True=		 50 MOs 200	 saved out/h2o/cc-pv5z-115_g1_hf.bas
Target = 116, energy = -76.0670436399, True=		 50 MOs 200	 saved out/h2o/cc-pv5z-116_g1_hf.bas
Target = 117, energy = -76.0670436399, True=		 50 MOs 200	 saved out/h2o/cc-pv5z-117_g1_hf.bas
Target = 118, energy = -76.0670436399, True=		 50 MOs 200	 saved out/h2o/cc-pv5z-118_g1_hf.bas
Target = 119, energy = -76.0670436399, True=		 50 MOs 200	 saved out/h2o/cc-pv5z-119_g1_hf.bas
Target = 120, energy = -76.0670436399, True=		 50 MOs 200	 saved out/h2o/cc-pv5z-120_g1_hf.bas
Target = 121, energy = -76.0670436399, True=		 50 MOs 200	 saved out/h2o/cc-pv5z-121_g1_hf.bas
Target = 122, energy = -76.0670436399, True=		 50 MOs 200	 saved out/h2o/cc-pv5z-122_g1_hf.bas
Target = 123, energy = -76.0670436399, True=		 50 MOs 200	 saved out/h2o/cc-pv5z-123_g1_hf.bas
Target = 124, energy = -76.0670436399, True=		 50 MOs 200	 saved out/h2o/cc-pv5z-124_g1_hf.bas
Target = 125, energy = -76.0670436399, True=		 50 MOs 200	 saved out/h2o/cc-pv5z-125_g1_hf.bas
Target = 126, energy = -76.0670436399, True=		 50 MOs 200	 saved out/h2o/cc-pv5z-126_g1_hf.bas
Target = 127, energy = -76.0670436399, True=		 50 MOs 200	 saved out/h2o/cc-pv5z-127_g1_hf.bas
Target = 128, energy = -76.0670436399, True=		 50 MOs 200	 saved out/h2o/cc-pv5z-128_g1_hf.bas
Target = 129, energy = -76.0670436399, True=		 50 MOs 200	 saved out/h2o/cc-pv5z-129_g1_hf.bas
Target = 130, energy = -76.0670436399, True=		 50 MOs 200	 saved out/h2o/cc-pv5z-130_g1_hf.bas
Target = 131, energy = -76.0670436399, True=		 50 MOs 200	 saved out/h2o/cc-pv5z-131_g1_hf.bas
Target = 132, energy = -76.0670436399, True=		 50 MOs 200	 saved out/h2o/cc-pv5z-132_g1_hf.bas
Target = 133, energy = -76.0670436399, True=		 50 MOs 200	 saved out/h2o/cc-pv5z-133_g1_hf.bas
Target = 134, energy = -76.0670469672, True=		 51 MOs 201	 saved out/h2o/cc-pv5z-134_g1_hf.bas

Reading coord from system/h2o.xyz file.
Number of atomic orbitals (M must be smaller)		70 MOs 322
Running Hartree-Fock to get density:
converged SCF energy = -76.0673631733465
Number of electrons (should be 10) = 10.000000
Target =   5, energy = -75.9139005547, True=		  5 MOs   7	 saved out/h2o/cc-pv6z-5_g1_hf.bas
Target =   6, energy = -75.9139005547, True=		  5 MOs   7	 saved out/h2o/cc-pv6z-6_g1_hf.bas
Target =   7, energy = -75.9139005547, True=		  5 MOs   7	 saved out/h2o/cc-pv6z-7_g1_hf.bas
Target =   8, energy = -75.9959993398, True=		  7 MOs   9	 saved out/h2o/cc-pv6z-8_g1_hf.bas
Target =   9, energy = -76.0050216428, True=		  8 MOs  10	 saved out/h2o/cc-pv6z-9_g1_hf.bas
Target =  10, energy = -76.0166505306, True=		  9 MOs  13	 saved out/h2o/cc-pv6z-10_g1_hf.bas
Target =  11, energy = -76.0430449189, True=		 11 MOs  19	 saved out/h2o/cc-pv6z-11_g1_hf.bas
Target =  12, energy = -76.0430449189, True=		 11 MOs  19	 saved out/h2o/cc-pv6z-12_g1_hf.bas
Target =  13, energy = -76.0448271567, True=		 12 MOs  22	 saved out/h2o/cc-pv6z-13_g1_hf.bas
Target =  14, energy = -76.0458455966, True=		 13 MOs  23	 saved out/h2o/cc-pv6z-14_g1_hf.bas
Target =  15, energy = -76.0461942112, True=		 15 MOs  25	 saved out/h2o/cc-pv6z-15_g1_hf.bas
Target =  16, energy = -76.0461942112, True=		 15 MOs  25	 saved out/h2o/cc-pv6z-16_g1_hf.bas
Target =  17, energy = -76.0550409089, True=		 16 MOs  30	 saved out/h2o/cc-pv6z-17_g1_hf.bas
Target =  18, energy = -76.0551772255, True=		 17 MOs  33	 saved out/h2o/cc-pv6z-18_g1_hf.bas
Target =  19, energy = -76.0596013882, True=		 19 MOs  39	 saved out/h2o/cc-pv6z-19_g1_hf.bas
Target =  20, energy = -76.0596013882, True=		 19 MOs  39	 saved out/h2o/cc-pv6z-20_g1_hf.bas
Target =  21, energy = -76.0596013882, True=		 19 MOs  39	 saved out/h2o/cc-pv6z-21_g1_hf.bas
Target =  22, energy = -76.0619573971, True=		 20 MOs  44	 saved out/h2o/cc-pv6z-22_g1_hf.bas
Target =  23, energy = -76.0638184510, True=		 22 MOs  54	 saved out/h2o/cc-pv6z-23_g1_hf.bas
Target =  24, energy = -76.0638184510, True=		 22 MOs  54	 saved out/h2o/cc-pv6z-24_g1_hf.bas
Target =  25, energy = -76.0638184510, True=		 22 MOs  54	 saved out/h2o/cc-pv6z-25_g1_hf.bas
Target =  26, energy = -76.0649985391, True=		 24 MOs  56	 saved out/h2o/cc-pv6z-26_g1_hf.bas
Target =  27, energy = -76.0649985391, True=		 24 MOs  56	 saved out/h2o/cc-pv6z-27_g1_hf.bas
Target =  28, energy = -76.0658993560, True=		 26 MOs  62	 saved out/h2o/cc-pv6z-28_g1_hf.bas
Target =  29, energy = -76.0658993560, True=		 26 MOs  62	 saved out/h2o/cc-pv6z-29_g1_hf.bas
Target =  30, energy = -76.0658993560, True=		 26 MOs  62	 saved out/h2o/cc-pv6z-30_g1_hf.bas
Target =  31, energy = -76.0659455916, True=		 27 MOs  65	 saved out/h2o/cc-pv6z-31_g1_hf.bas
Target =  32, energy = -76.0659455916, True=		 27 MOs  65	 saved out/h2o/cc-pv6z-32_g1_hf.bas
Target =  33, energy = -76.0660709214, True=		 28 MOs  70	 saved out/h2o/cc-pv6z-33_g1_hf.bas
Target =  34, energy = -76.0660847561, True=		 30 MOs  72	 saved out/h2o/cc-pv6z-34_g1_hf.bas
Target =  35, energy = -76.0660847561, True=		 30 MOs  72	 saved out/h2o/cc-pv6z-35_g1_hf.bas
Target =  36, energy = -76.0662774462, True=		 31 MOs  77	 saved out/h2o/cc-pv6z-36_g1_hf.bas
Target =  37, energy = -76.0662774462, True=		 31 MOs  77	 saved out/h2o/cc-pv6z-37_g1_hf.bas
Target =  38, energy = -76.0664518632, True=		 33 MOs  83	 saved out/h2o/cc-pv6z-38_g1_hf.bas
Target =  39, energy = -76.0664518632, True=		 33 MOs  83	 saved out/h2o/cc-pv6z-39_g1_hf.bas
Target =  40, energy = -76.0664518632, True=		 33 MOs  83	 saved out/h2o/cc-pv6z-40_g1_hf.bas
Target =  41, energy = -76.0667735743, True=		 34 MOs  90	 saved out/h2o/cc-pv6z-41_g1_hf.bas
Target =  42, energy = -76.0667735743, True=		 34 MOs  90	 saved out/h2o/cc-pv6z-42_g1_hf.bas
Target =  43, energy = -76.0667735743, True=		 34 MOs  90	 saved out/h2o/cc-pv6z-43_g1_hf.bas
Target =  44, energy = -76.0667991232, True=		 36 MOs 100	 saved out/h2o/cc-pv6z-44_g1_hf.bas
Target =  45, energy = -76.0667991232, True=		 36 MOs 100	 saved out/h2o/cc-pv6z-45_g1_hf.bas
Target =  46, energy = -76.0668176882, True=		 37 MOs 107	 saved out/h2o/cc-pv6z-46_g1_hf.bas
Target =  47, energy = -76.0668176882, True=		 37 MOs 107	 saved out/h2o/cc-pv6z-47_g1_hf.bas
Target =  48, energy = -76.0668176882, True=		 37 MOs 107	 saved out/h2o/cc-pv6z-48_g1_hf.bas
Target =  49, energy = -76.0670396954, True=		 39 MOs 117	 saved out/h2o/cc-pv6z-49_g1_hf.bas
Target =  50, energy = -76.0670396954, True=		 39 MOs 117	 saved out/h2o/cc-pv6z-50_g1_hf.bas
Target =  51, energy = -76.0671271080, True=		 40 MOs 124	 saved out/h2o/cc-pv6z-51_g1_hf.bas
Target =  52, energy = -76.0671517854, True=		 41 MOs 133	 saved out/h2o/cc-pv6z-52_g1_hf.bas
Target =  53, energy = -76.0672170531, True=		 42 MOs 136	 saved out/h2o/cc-pv6z-53_g1_hf.bas
Target =  54, energy = -76.0672200875, True=		 44 MOs 150	 saved out/h2o/cc-pv6z-54_g1_hf.bas
Target =  55, energy = -76.0672200875, True=		 44 MOs 150	 saved out/h2o/cc-pv6z-55_g1_hf.bas
Target =  56, energy = -76.0672384360, True=		 46 MOs 152	 saved out/h2o/cc-pv6z-56_g1_hf.bas
Target =  57, energy = -76.0672384360, True=		 46 MOs 152	 saved out/h2o/cc-pv6z-57_g1_hf.bas
Target =  58, energy = -76.0672384360, True=		 46 MOs 152	 saved out/h2o/cc-pv6z-58_g1_hf.bas
Target =  59, energy = -76.0672648721, True=		 47 MOs 157	 saved out/h2o/cc-pv6z-59_g1_hf.bas
Target =  60, energy = -76.0672744565, True=		 48 MOs 158	 saved out/h2o/cc-pv6z-60_g1_hf.bas
Target =  61, energy = -76.0673060295, True=		 50 MOs 172	 saved out/h2o/cc-pv6z-61_g1_hf.bas
Target =  62, energy = -76.0673060295, True=		 50 MOs 172	 saved out/h2o/cc-pv6z-62_g1_hf.bas
Target =  63, energy = -76.0673060295, True=		 50 MOs 172	 saved out/h2o/cc-pv6z-63_g1_hf.bas
Target =  64, energy = -76.0673060295, True=		 50 MOs 172	 saved out/h2o/cc-pv6z-64_g1_hf.bas
Target =  65, energy = -76.0673060295, True=		 50 MOs 172	 saved out/h2o/cc-pv6z-65_g1_hf.bas
Target =  66, energy = -76.0673379102, True=		 52 MOs 178	 saved out/h2o/cc-pv6z-66_g1_hf.bas
Target =  67, energy = -76.0673379102, True=		 52 MOs 178	 saved out/h2o/cc-pv6z-67_g1_hf.bas
Target =  68, energy = -76.0673379102, True=		 52 MOs 178	 saved out/h2o/cc-pv6z-68_g1_hf.bas
Target =  69, energy = -76.0673379102, True=		 52 MOs 178	 saved out/h2o/cc-pv6z-69_g1_hf.bas
Target =  70, energy = -76.0673379102, True=		 52 MOs 178	 saved out/h2o/cc-pv6z-70_g1_hf.bas
Target =  71, energy = -76.0673401733, True=		 53 MOs 179	 saved out/h2o/cc-pv6z-71_g1_hf.bas
Target =  72, energy = -76.0673401733, True=		 53 MOs 179	 saved out/h2o/cc-pv6z-72_g1_hf.bas
Target =  73, energy = -76.0673401733, True=		 53 MOs 179	 saved out/h2o/cc-pv6z-73_g1_hf.bas
Target =  74, energy = -76.0673401733, True=		 53 MOs 179	 saved out/h2o/cc-pv6z-74_g1_hf.bas
Target =  75, energy = -76.0673411114, True=		 54 MOs 190	 saved out/h2o/cc-pv6z-75_g1_hf.bas
Target =  76, energy = -76.0673432450, True=		 56 MOs 200	 saved out/h2o/cc-pv6z-76_g1_hf.bas
Target =  77, energy = -76.0673432450, True=		 56 MOs 200	 saved out/h2o/cc-pv6z-77_g1_hf.bas
Target =  78, energy = -76.0673432450, True=		 56 MOs 200	 saved out/h2o/cc-pv6z-78_g1_hf.bas
Target =  79, energy = -76.0673560545, True=		 57 MOs 209	 saved out/h2o/cc-pv6z-79_g1_hf.bas
Target =  80, energy = -76.0673560545, True=		 57 MOs 209	 saved out/h2o/cc-pv6z-80_g1_hf.bas
Target =  81, energy = -76.0673560545, True=		 57 MOs 209	 saved out/h2o/cc-pv6z-81_g1_hf.bas
Target =  82, energy = -76.0673560545, True=		 57 MOs 209	 saved out/h2o/cc-pv6z-82_g1_hf.bas
Target =  83, energy = -76.0673578873, True=		 59 MOs 227	 saved out/h2o/cc-pv6z-83_g1_hf.bas
Target =  84, energy = -76.0673578873, True=		 59 MOs 227	 saved out/h2o/cc-pv6z-84_g1_hf.bas
Target =  85, energy = -76.0673578873, True=		 59 MOs 227	 saved out/h2o/cc-pv6z-85_g1_hf.bas
Target =  86, energy = -76.0673578873, True=		 59 MOs 227	 saved out/h2o/cc-pv6z-86_g1_hf.bas
Target =  87, energy = -76.0673578873, True=		 59 MOs 227	 saved out/h2o/cc-pv6z-87_g1_hf.bas
Target =  88, energy = -76.0673578873, True=		 59 MOs 227	 saved out/h2o/cc-pv6z-88_g1_hf.bas
Target =  89, energy = -76.0673578873, True=		 59 MOs 227	 saved out/h2o/cc-pv6z-89_g1_hf.bas
Target =  90, energy = -76.0673578873, True=		 59 MOs 227	 saved out/h2o/cc-pv6z-90_g1_hf.bas
Target =  91, energy = -76.0673578873, True=		 59 MOs 227	 saved out/h2o/cc-pv6z-91_g1_hf.bas
Target =  92, energy = -76.0673578873, True=		 59 MOs 227	 saved out/h2o/cc-pv6z-92_g1_hf.bas
Target =  93, energy = -76.0673578873, True=		 59 MOs 227	 saved out/h2o/cc-pv6z-93_g1_hf.bas
Target =  94, energy = -76.0673578873, True=		 59 MOs 227	 saved out/h2o/cc-pv6z-94_g1_hf.bas
Target =  95, energy = -76.0673578873, True=		 59 MOs 227	 saved out/h2o/cc-pv6z-95_g1_hf.bas
Target =  96, energy = -76.0673586559, True=		 61 MOs 245	 saved out/h2o/cc-pv6z-96_g1_hf.bas
Target =  97, energy = -76.0673586559, True=		 61 MOs 245	 saved out/h2o/cc-pv6z-97_g1_hf.bas
Target =  98, energy = -76.0673586559, True=		 61 MOs 245	 saved out/h2o/cc-pv6z-98_g1_hf.bas
Target =  99, energy = -76.0673604827, True=		 62 MOs 252	 saved out/h2o/cc-pv6z-99_g1_hf.bas
Target = 100, energy = -76.0673604827, True=		 62 MOs 252	 saved out/h2o/cc-pv6z-100_g1_hf.bas
Target = 101, energy = -76.0673604827, True=		 62 MOs 252	 saved out/h2o/cc-pv6z-101_g1_hf.bas
Target = 102, energy = -76.0673604827, True=		 62 MOs 252	 saved out/h2o/cc-pv6z-102_g1_hf.bas
Target = 103, energy = -76.0673604827, True=		 62 MOs 252	 saved out/h2o/cc-pv6z-103_g1_hf.bas
Target = 104, energy = -76.0673604827, True=		 62 MOs 252	 saved out/h2o/cc-pv6z-104_g1_hf.bas
Target = 105, energy = -76.0673617018, True=		 64 MOs 266	 saved out/h2o/cc-pv6z-105_g1_hf.bas
Target = 106, energy = -76.0673617018, True=		 64 MOs 266	 saved out/h2o/cc-pv6z-106_g1_hf.bas
Target = 107, energy = -76.0673617018, True=		 64 MOs 266	 saved out/h2o/cc-pv6z-107_g1_hf.bas
Target = 108, energy = -76.0673617018, True=		 64 MOs 266	 saved out/h2o/cc-pv6z-108_g1_hf.bas
Target = 109, energy = -76.0673617018, True=		 64 MOs 266	 saved out/h2o/cc-pv6z-109_g1_hf.bas
Target = 110, energy = -76.0673617018, True=		 64 MOs 266	 saved out/h2o/cc-pv6z-110_g1_hf.bas
Target = 111, energy = -76.0673617018, True=		 64 MOs 266	 saved out/h2o/cc-pv6z-111_g1_hf.bas
Target = 112, energy = -76.0673617018, True=		 64 MOs 266	 saved out/h2o/cc-pv6z-112_g1_hf.bas
Target = 113, energy = -76.0673623155, True=		 65 MOs 279	 saved out/h2o/cc-pv6z-113_g1_hf.bas
Target = 114, energy = -76.0673623155, True=		 65 MOs 279	 saved out/h2o/cc-pv6z-114_g1_hf.bas
Target = 115, energy = -76.0673623155, True=		 65 MOs 279	 saved out/h2o/cc-pv6z-115_g1_hf.bas
Target = 116, energy = -76.0673627329, True=		 67 MOs 301	 saved out/h2o/cc-pv6z-116_g1_hf.bas
Target = 117, energy = -76.0673627329, True=		 67 MOs 301	 saved out/h2o/cc-pv6z-117_g1_hf.bas
Target = 118, energy = -76.0673627329, True=		 67 MOs 301	 saved out/h2o/cc-pv6z-118_g1_hf.bas
Target = 119, energy = -76.0673627329, True=		 67 MOs 301	 saved out/h2o/cc-pv6z-119_g1_hf.bas
Target = 120, energy = -76.0673627329, True=		 67 MOs 301	 saved out/h2o/cc-pv6z-120_g1_hf.bas
Target = 121, energy = -76.0673627329, True=		 67 MOs 301	 saved out/h2o/cc-pv6z-121_g1_hf.bas
Target = 122, energy = -76.0673627329, True=		 67 MOs 301	 saved out/h2o/cc-pv6z-122_g1_hf.bas
Target = 123, energy = -76.0673627329, True=		 67 MOs 301	 saved out/h2o/cc-pv6z-123_g1_hf.bas
Target = 124, energy = -76.0673627329, True=		 67 MOs 301	 saved out/h2o/cc-pv6z-124_g1_hf.bas
Target = 125, energy = -76.0673627329, True=		 67 MOs 301	 saved out/h2o/cc-pv6z-125_g1_hf.bas
Target = 126, energy = -76.0673627329, True=		 67 MOs 301	 saved out/h2o/cc-pv6z-126_g1_hf.bas
Target = 127, energy = -76.0673627329, True=		 67 MOs 301	 saved out/h2o/cc-pv6z-127_g1_hf.bas
Target = 128, energy = -76.0673627329, True=		 67 MOs 301	 saved out/h2o/cc-pv6z-128_g1_hf.bas
Target = 129, energy = -76.0673628975, True=		 68 MOs 302	 saved out/h2o/cc-pv6z-129_g1_hf.bas
Target = 130, energy = -76.0673628975, True=		 68 MOs 302	 saved out/h2o/cc-pv6z-130_g1_hf.bas
Target = 131, energy = -76.0673628975, True=		 68 MOs 302	 saved out/h2o/cc-pv6z-131_g1_hf.bas
Target = 132, energy = -76.0673628975, True=		 68 MOs 302	 saved out/h2o/cc-pv6z-132_g1_hf.bas
Target = 133, energy = -76.0673628975, True=		 68 MOs 302	 saved out/h2o/cc-pv6z-133_g1_hf.bas
Target = 134, energy = -76.0673628975, True=		 68 MOs 302	 saved out/h2o/cc-pv6z-134_g1_hf.bas
Target = 135, energy = -76.0673628975, True=		 68 MOs 302	 saved out/h2o/cc-pv6z-135_g1_hf.bas
Target = 136, energy = -76.0673629307, True=		 69 MOs 311	 saved out/h2o/cc-pv6z-136_g1_hf.bas
Target = 137, energy = -76.0673629307, True=		 69 MOs 311	 saved out/h2o/cc-pv6z-137_g1_hf.bas
Target = 138, energy = -76.0673629307, True=		 69 MOs 311	 saved out/h2o/cc-pv6z-138_g1_hf.bas
Target = 139, energy = -76.0673629307, True=		 69 MOs 311	 saved out/h2o/cc-pv6z-139_g1_hf.bas
Target = 140, energy = -76.0673629307, True=		 69 MOs 311	 saved out/h2o/cc-pv6z-140_g1_hf.bas
Target = 141, energy = -76.0673629307, True=		 69 MOs 311	 saved out/h2o/cc-pv6z-141_g1_hf.bas
Target = 142, energy = -76.0673631733, True=		 70 MOs 322	 saved out/h2o/cc-pv6z-142_g1_hf.bas
