
Reading coord from system/h2.xyz file.
Number of atomic orbitals (M must be smaller)		6 MOs 10
Running Hartree-Fock to get density:
converged SCF energy = -1.1270007208842
Number of electrons (should be 2) = 2.000000
Starting reduction with target 2 and 0 constraint ...
Results written in tmp//cc-pvdz-2_g1_hf.bas.
Number of adapted atomic orbitals			2 MOs 2
converged SCF energy = -1.09635008990401

Reading coord from system/h2.xyz file.
Number of atomic orbitals (M must be smaller)		6 MOs 10
Running Hartree-Fock to get density:
converged SCF energy = -1.1270007208842
Number of electrons (should be 2) = 2.000000
Starting reduction with target 3 and 0 constraint ...
Results written in tmp//cc-pvdz-3_g1_hf.bas.
Number of adapted atomic orbitals			4 MOs 4
converged SCF energy = -1.12286375581226

Reading coord from system/h2.xyz file.
Number of atomic orbitals (M must be smaller)		6 MOs 10
Running Hartree-Fock to get density:
converged SCF energy = -1.1270007208842
Number of electrons (should be 2) = 2.000000
Starting reduction with target 4 and 0 constraint ...
Results written in tmp//cc-pvdz-4_g1_hf.bas.
Number of adapted atomic orbitals			4 MOs 4
converged SCF energy = -1.12286375581226

Reading coord from system/h2.xyz file.
Number of atomic orbitals (M must be smaller)		6 MOs 10
Running Hartree-Fock to get density:
converged SCF energy = -1.1270007208842
Number of electrons (should be 2) = 2.000000
Starting reduction with target 5 and 0 constraint ...
Results written in tmp//cc-pvdz-5_g1_hf.bas.
Number of adapted atomic orbitals			6 MOs 10
converged SCF energy = -1.1270007208842

Reading coord from system/h2.xyz file.
Number of atomic orbitals (M must be smaller)		12 MOs 28
Running Hartree-Fock to get density:
converged SCF energy = -1.13029244239623
Number of electrons (should be 2) = 2.000000
Starting reduction with target 2 and 0 constraint ...
Results written in tmp//cc-pvtz-2_g1_hf.bas.
Number of adapted atomic orbitals			2 MOs 2
converged SCF energy = -1.09723113817402

Reading coord from system/h2.xyz file.
Number of atomic orbitals (M must be smaller)		12 MOs 28
Running Hartree-Fock to get density:
converged SCF energy = -1.13029244239623
Number of electrons (should be 2) = 2.000000
Starting reduction with target 3 and 0 constraint ...
Results written in tmp//cc-pvtz-3_g1_hf.bas.
Number of adapted atomic orbitals			2 MOs 2
converged SCF energy = -1.09723113817402

Reading coord from system/h2.xyz file.
Number of atomic orbitals (M must be smaller)		12 MOs 28
Running Hartree-Fock to get density:
converged SCF energy = -1.13029244239623
Number of electrons (should be 2) = 2.000000
Starting reduction with target 4 and 0 constraint ...
Results written in tmp//cc-pvtz-4_g1_hf.bas.
Number of adapted atomic orbitals			4 MOs 4
converged SCF energy = -1.12226962250392

Reading coord from system/h2.xyz file.
Number of atomic orbitals (M must be smaller)		12 MOs 28
Running Hartree-Fock to get density:
converged SCF energy = -1.13029244239623
Number of electrons (should be 2) = 2.000000
Starting reduction with target 5 and 0 constraint ...
Results written in tmp//cc-pvtz-5_g1_hf.bas.
Number of adapted atomic orbitals			4 MOs 4
converged SCF energy = -1.12226962250392

Reading coord from system/h2.xyz file.
Number of atomic orbitals (M must be smaller)		20 MOs 60
Running Hartree-Fock to get density:
converged SCF energy = -1.13074921619539
Number of electrons (should be 2) = 2.000000
Starting reduction with target 2 and 0 constraint ...
Results written in tmp//cc-pvqz-2_g1_hf.bas.
Number of adapted atomic orbitals			2 MOs 2
converged SCF energy = -1.09751949384595

Reading coord from system/h2.xyz file.
Number of atomic orbitals (M must be smaller)		20 MOs 60
Running Hartree-Fock to get density:
converged SCF energy = -1.1307492161954
Number of electrons (should be 2) = 2.000000
Starting reduction with target 3 and 0 constraint ...
Results written in tmp//cc-pvqz-3_g1_hf.bas.
Number of adapted atomic orbitals			4 MOs 4
converged SCF energy = -1.12096695013414

Reading coord from system/h2.xyz file.
Number of atomic orbitals (M must be smaller)		20 MOs 60
Running Hartree-Fock to get density:
converged SCF energy = -1.1307492161954
Number of electrons (should be 2) = 2.000000
Starting reduction with target 4 and 0 constraint ...
Results written in tmp//cc-pvqz-4_g1_hf.bas.
Number of adapted atomic orbitals			4 MOs 4
converged SCF energy = -1.12096695013414

Reading coord from system/h2.xyz file.
Number of atomic orbitals (M must be smaller)		20 MOs 60
Running Hartree-Fock to get density:
converged SCF energy = -1.13074921619539
Number of electrons (should be 2) = 2.000000
Starting reduction with target 5 and 0 constraint ...
Results written in tmp//cc-pvqz-5_g1_hf.bas.
Number of adapted atomic orbitals			6 MOs 6
converged SCF energy = -1.12552972706286

Reading coord from system/h2.xyz file.
Number of atomic orbitals (M must be smaller)		30 MOs 110
Running Hartree-Fock to get density:
converged SCF energy = -1.13088602702685
Number of electrons (should be 2) = 2.000000
Starting reduction with target 2 and 0 constraint ...
Results written in tmp//cc-pv5z-2_g1_hf.bas.
Number of adapted atomic orbitals			2 MOs 2
converged SCF energy = -1.09759455477383

Reading coord from system/h2.xyz file.
Number of atomic orbitals (M must be smaller)		30 MOs 110
Running Hartree-Fock to get density:
converged SCF energy = -1.13088602702685
Number of electrons (should be 2) = 2.000000
Starting reduction with target 3 and 0 constraint ...
Results written in tmp//cc-pv5z-3_g1_hf.bas.
Number of adapted atomic orbitals			4 MOs 4
converged SCF energy = -1.12106555169081

Reading coord from system/h2.xyz file.
Number of atomic orbitals (M must be smaller)		30 MOs 110
Running Hartree-Fock to get density:
converged SCF energy = -1.13088602702685
Number of electrons (should be 2) = 2.000000
Starting reduction with target 4 and 0 constraint ...
Results written in tmp//cc-pv5z-4_g1_hf.bas.
Number of adapted atomic orbitals			4 MOs 4
converged SCF energy = -1.12106555169081

Reading coord from system/h2.xyz file.
Number of atomic orbitals (M must be smaller)		30 MOs 110
Running Hartree-Fock to get density:
converged SCF energy = -1.13088602702685
Number of electrons (should be 2) = 2.000000
Starting reduction with target 5 and 0 constraint ...
Results written in tmp//cc-pv5z-5_g1_hf.bas.
Number of adapted atomic orbitals			6 MOs 10
converged SCF energy = -1.12579655875105
